---
source: crates/handlers/src/passwords.rs
expression: hash
---
$argon2id$v=19$m=19456,t=2,p=1$1WdxAF1UChkYSTnJ6NDbKg$ajKAfwlUmkbxITSdh55j+Hvoxzppx20ArNUF44oV9Nk
