---
source: crates/handlers/src/passwords.rs
expression: hash
---
$argon2id$v=19$m=19456,t=2,p=1$4aRFZH7bgRs24delZVap/Q$Y2SNOQuEfwWuBXflRnbJhqpksexRziQ9Wf9BatCuIVY
