---
source: crates/handlers/src/passwords.rs
expression: hash
---
$argon2id$v=19$m=19456,t=2,p=1$eEi11xG8mIOZYxej+ckCaQ$eBeygPqiuImQAaFQOkE6oVkPfqxIGgnqpQd/MwW4YX4
