---
source: crates/handlers/src/passwords.rs
expression: hash
---
$argon2id$v=19$m=19456,t=2,p=1$1Ke64U6Mrdl5imSjjFRU+g$yirg39x3QVVTxsV5OI4usyIaCw6IRxPl5Li3mQyNmN8
